e: file:///C:/Users/karth/.gradle/cach
e: file:///C:/Users/karth/.gradle/cach
e: file:///C:/Users/karth/.gradle/cach
e: file:///C:/Users/karth/.gradle/cach
e: file:///C:/Users/karth/.gradle/cach
e: file:///C:/Users/karth/.gradle/cach
e: file:///C:/Users/karth/.gradle/cach
e: file:///C:/Users/karth/.gradle/cach
e: file:///C:/Users/karth/.gradle/cach
e: file:///C:/Users/karth/.gradle/cach
e: file:///C:/Users/karth/.gradle/cach
e: file:///C:/Users/karth/.gradle/cach
e: file:///C:/Users/karth/.gradle/cach
e: file:///C:/Users/karth/.gradle/cach
e: file:///C:/Users/karth/.gradle/cach
e: file:///C:/Users/karth/.gradle/cach
e: file:///C:/Users/karth/.gradle/cach
e: file:///C:/Users/karth/.gradle/cach
e: file:///C:/Users/karth/.gradle/cach
e: file:///C:/Users/karth/.gradle/cach
e: file:///C:/Users/karth/.gradle/cach
e: file:///C:/Users/karth/.gradle/cach
e: file:///C:/Users/karth/.gradle/cach
e: file:///C:/Users/karth/.gradle/cach
e: file:///C:/Users/karth/.gradle/wrap
e: file:///C:/Users/karth/.gradle/wrap
e: file:///C:/Users/karth/.gradle/wrap
e: file:///C:/Users/karth/.gradle/wrap
e: file:///C:/Users/karth/.gradle/wrap
e: file:///C:/Users/karth/.gradle/wrap
e: file:///C:/Users/karth/.gradle/wrap
e: file:///C:/Users/karth/.gradle/wrap
e: file:///C:/Users/karth/.gradle/wrap
e: file:///C:/Users/karth/.gradle/wrap
e: file:///C:/Users/karth/.gradle/wrap
e: file:///C:/Users/karth/.gradle/wrap
